// Jest Snapshot v1, https://goo.gl/fbAQLP

exports[`Button component should render component with default props 1`] = `
<button
  type="button"
>
  123
  <span />
</button>
`;
